infra_extra: 6 funders
ABCDE2 + local2_strong                     clusters= 166 flagged=  8936 periph=   61 pts= 50.2% lab=130/160 whole=13/16 ens=  16 ctrl=21 resc= 2 ladder=  0
      farm windows: 0.45@h3-4=1993/1996 14.0@h3-15=997/1003 10.0@h5=769/770 1.2@h1-2=300/300 2.067=324/324 0.45@h34-37=365/367 idxrun_12058=100/100 idxrun_13326=100/100 idxrun_13795=100/100 idxrun_13897=100/100 idxrun_14001=100/100
ABCDE2 + local2 + weak-exchange-hub + gas1axis20 clusters= 172 flagged=  8987 periph=   49 pts= 50.4% lab=130/160 whole=13/16 ens=  16 ctrl=21 resc= 2 ladder=  0
      farm windows: 0.45@h3-4=1995/1996 14.0@h3-15=997/1003 10.0@h5=769/770 1.2@h1-2=300/300 2.067=324/324 0.45@h34-37=365/367 idxrun_12058=100/100 idxrun_13326=100/100 idxrun_13795=100/100 idxrun_13897=100/100 idxrun_14001=100/100

=== diff ABCDE2 + local2 + weak-exchange-hub + gas1axis20: released=2586 newly_flagged=0 periphery=49 ===
  c7    size=  998 released=  931 fam=amount,cadence,funding,sequence :: first funder is a member of the same cluster (peel chain)
  c6    size=  896 released=  173 fam=amount,cadence,funding,sequence :: first funder is a member of the same cluster (peel chain)
  c14   size=   84 released=   84 fam=amount,funding :: ≈ W/k equal split: 65.56Ξ across ×44 of 1.49Ξ
  c19   size=   74 released=   74 fam=amount,funding :: identical 1.29Ξ send ×35 in one wave
  c24   size=   47 released=   47 fam=amount,funding :: ≈ W/k equal split: 79.43Ξ across ×47 of 1.69Ξ
  c164  size=   39 released=   39 fam=amount,funding :: first funder is a member of the same cluster (peel chain)
  c170  size=   37 released=   37 fam=cadence,funding,sequence :: consecutive join indices 16,408–16,444 · 17-block span
  c177  size=   33 released=   33 fam=cadence,funding,sequence :: first funder is a member of the same cluster (peel chain)
  c181  size=   31 released=   31 fam=cadence,funding,sequence :: consecutive join indices 16,468–16,498 · 10-block span
  c175  size=   26 released=   26 fam=amount,funding :: first funder is a member of the same cluster (peel chain)
  c49   size=   24 released=   24 fam=amount,funding :: first funder is a member of the same cluster (peel chain)
  c191  size=   23 released=   23 fam=cadence,funding,sequence :: consecutive join indices 8,189–8,200 · 1-block span
  c179  size=   23 released=   23 fam=cadence,funding,sequence :: first funder is a member of the same cluster (peel chain)
  c182  size=   23 released=   23 fam=funding,sequence :: consecutive join indices 17,076–17,098 · 13-block span
  c162  size=   23 released=   23 fam=amount,funding :: first funder is a member of the same cluster (peel chain)
  c183  size=   22 released=   22 fam=amount,funding,sequence :: identical odd 0.0501Ξ send ×15
  c192  size=   22 released=   22 fam=amount,funding :: first funder is a member of the same cluster (peel chain)
  c198  size=   21 released=   21 fam=cadence,funding,gas,sequence :: first funder is a member of the same cluster (peel chain)
  c186  size=   20 released=   20 fam=cadence,funding,sequence :: first funder is a member of the same cluster (peel chain)
  c53   size=   20 released=   20 fam=amount,funding :: first funder is a member of the same cluster (peel chain)
  c197  size=   19 released=   19 fam=cadence,funding :: metronomic drip ×19 of 0.05Ξ every ~2 blocks
  c51   size=   18 released=   18 fam=amount,funding :: identical 1.0Ξ send ×16 in one wave
  c160  size=   47 released=   18 fam=amount,cadence,funding :: first funder is a member of the same cluster (peel chain)
  c58   size=   17 released=   17 fam=amount,funding :: identical 1.19Ξ send ×17 in one wave
  c204  size=   16 released=   16 fam=funding,sequence :: consecutive join indices 16,166–16,181 · 10-block span
  released by amount: [('0.05', 1111), ('0.1', 148), ('0.051', 141), ('0.06', 80), ('1.0', 72), ('0.055', 58), ('0.052', 48), ('0.07', 47), ('1.69', 47), ('1.49', 44), ('1.59', 40), ('0.2', 35), ('1.29', 35), ('1.39', 35), ('1.19', 32)]
  released by hour: [(0, 8), (1, 42), (2, 39), (3, 26), (4, 23), (5, 39), (6, 55), (7, 59), (8, 104), (9, 28), (10, 98), (11, 110), (12, 108), (13, 49), (14, 58), (15, 41), (16, 131), (17, 62), (18, 85), (19, 98), (20, 59), (21, 64), (22, 68), (23, 38), (24, 16), (25, 22), (26, 26), (27, 26), (28, 20), (29, 23), (30, 19), (31, 9), (32, 15), (33, 71), (34, 525), (35, 262), (36, 14), (37, 13), (38, 3), (39, 2), (40, 2), (41, 7), (42, 7), (43, 3), (45, 3), (46, 1), (47, 2), (52, 1), (53, 1), (59, 1)]
